/Users/kodiakconrad/Imperial/IndividualProject/KPC_Toolbox/src/test/java/KPC/Test16.java
/Users/kodiakconrad/Imperial/IndividualProject/KPC_Toolbox/src/test/java/KPC/TraceFitter2Test.java
/Users/kodiakconrad/Imperial/IndividualProject/KPC_Toolbox/src/test/java/KPC/MAP2Test.java
/Users/kodiakconrad/Imperial/IndividualProject/KPC_Toolbox/src/test/java/KPC/KPCTest.java
/Users/kodiakconrad/Imperial/IndividualProject/KPC_Toolbox/src/test/java/KPC/TraceFitter4Test.java
/Users/kodiakconrad/Imperial/IndividualProject/KPC_Toolbox/src/test/java/KPC/TraceFitterTest_DEC.java
/Users/kodiakconrad/Imperial/IndividualProject/KPC_Toolbox/src/test/java/KPC/TraceTest.java
/Users/kodiakconrad/Imperial/IndividualProject/KPC_Toolbox/src/test/java/KPC/MapGeneratorTest.java
/Users/kodiakconrad/Imperial/IndividualProject/KPC_Toolbox/src/test/java/KPC/MAP4Test.java
/Users/kodiakconrad/Imperial/IndividualProject/KPC_Toolbox/src/test/java/KPC/EquationsTest.java
/Users/kodiakconrad/Imperial/IndividualProject/KPC_Toolbox/src/test/java/KPC/Fittings2Test.java
