/Users/kodiakconrad/Imperial/IndividualProject/KPC_Toolbox/src/main/java/KPC/TraceFitter.java
/Users/kodiakconrad/Imperial/IndividualProject/KPC_Toolbox/src/main/java/KPC/SMP.java
/Users/kodiakconrad/Imperial/IndividualProject/KPC_Toolbox/src/main/java/KPC/Trace.java
/Users/kodiakconrad/Imperial/IndividualProject/KPC_Toolbox/src/main/java/KPC/OldACObjFunc.java
/Users/kodiakconrad/Imperial/IndividualProject/KPC_Toolbox/src/main/java/KPC/KPC.java
/Users/kodiakconrad/Imperial/IndividualProject/KPC_Toolbox/src/main/java/KPC/ACObjFunc.java
/Users/kodiakconrad/Imperial/IndividualProject/KPC_Toolbox/src/main/java/KPC/BCFitResult.java
/Users/kodiakconrad/Imperial/IndividualProject/KPC_Toolbox/src/main/java/KPC/MatrixOps.java
/Users/kodiakconrad/Imperial/IndividualProject/KPC_Toolbox/src/main/java/KPC/MapGenerator.java
/Users/kodiakconrad/Imperial/IndividualProject/KPC_Toolbox/src/main/java/KPC/DemoRun.java
/Users/kodiakconrad/Imperial/IndividualProject/KPC_Toolbox/src/main/java/KPC/Fittings2.java
/Users/kodiakconrad/Imperial/IndividualProject/KPC_Toolbox/src/main/java/KPC/BCObjFunc.java
/Users/kodiakconrad/Imperial/IndividualProject/KPC_Toolbox/src/main/java/KPC/MAP.java
/Users/kodiakconrad/Imperial/IndividualProject/KPC_Toolbox/src/main/java/KPC/ACFitResult.java
/Users/kodiakconrad/Imperial/IndividualProject/KPC_Toolbox/src/main/java/KPC/Equations.java
/Users/kodiakconrad/Imperial/IndividualProject/KPC_Toolbox/src/main/java/KPC/Constants.java
/Users/kodiakconrad/Imperial/IndividualProject/KPC_Toolbox/src/main/java/KPC/Sample.java
/Users/kodiakconrad/Imperial/IndividualProject/KPC_Toolbox/src/main/java/KPC/FittingOptions.java
